// Jest Snapshot v1, https://goo.gl/fbAQLP

exports[`A Table should render 1`] = `
.c0 {
  font-family: 'Roboto','Noto Sans JP','Noto Sans CJK KR','Noto Sans Arabic UI','Noto Sans Devanagari UI','Noto Sans Hebrew','Noto Sans Thai UI','Helvetica','Arial',sans-serif;
  color: #262D33;
  width: 100%;
  border-collapse: collapse;
}

<table
  className="c0"
  width="100%"
/>
`;
